[debug] [2024-10-22T01:08:58.934Z] ----------------------------------------------------------------------
[debug] [2024-10-22T01:08:58.946Z] Command:       C:\Program Files\nodejs\node.exe C:\Users\User\AppData\Roaming\npm\node_modules\firebase-tools\lib\bin\firebase.js deploy
[debug] [2024-10-22T01:08:58.946Z] CLI Version:   13.13.0
[debug] [2024-10-22T01:08:58.947Z] Platform:      win32
[debug] [2024-10-22T01:08:58.947Z] Node Version:  v20.11.1
[debug] [2024-10-22T01:08:58.947Z] Time:          Tue Oct 22 2024 07:08:58 GMT+0600 (Bangladesh Standard Time)
[debug] [2024-10-22T01:08:58.947Z] ----------------------------------------------------------------------
[debug] 
[debug] [2024-10-22T01:08:58.951Z] >>> [apiv2][query] GET https://firebase-public.firebaseio.com/cli.json [none]
[debug] [2024-10-22T01:08:59.069Z] > command requires scopes: ["email","openid","https://www.googleapis.com/auth/cloudplatformprojects.readonly","https://www.googleapis.com/auth/firebase","https://www.googleapis.com/auth/cloud-platform"]
[debug] [2024-10-22T01:08:59.069Z] > authorizing via signed-in user (mdfaridhossenrehad@gmail.com)
[debug] [2024-10-22T01:08:59.070Z] [iam] checking project synergy-x-2024 for permissions ["firebase.projects.get","firebasehosting.sites.update"]
[debug] [2024-10-22T01:08:59.071Z] > refreshing access token with scopes: []
[debug] [2024-10-22T01:08:59.072Z] >>> [apiv2][query] POST https://www.googleapis.com/oauth2/v3/token [none]
[debug] [2024-10-22T01:08:59.072Z] >>> [apiv2][body] POST https://www.googleapis.com/oauth2/v3/token [omitted]
[debug] [2024-10-22T01:08:59.497Z] <<< [apiv2][status] POST https://www.googleapis.com/oauth2/v3/token 200
[debug] [2024-10-22T01:08:59.497Z] <<< [apiv2][body] POST https://www.googleapis.com/oauth2/v3/token [omitted]
[debug] [2024-10-22T01:08:59.527Z] >>> [apiv2][query] POST https://cloudresourcemanager.googleapis.com/v1/projects/synergy-x-2024:testIamPermissions [none]
[debug] [2024-10-22T01:08:59.527Z] >>> [apiv2][(partial)header] POST https://cloudresourcemanager.googleapis.com/v1/projects/synergy-x-2024:testIamPermissions x-goog-quota-user=projects/synergy-x-2024
[debug] [2024-10-22T01:08:59.527Z] >>> [apiv2][body] POST https://cloudresourcemanager.googleapis.com/v1/projects/synergy-x-2024:testIamPermissions {"permissions":["firebase.projects.get","firebasehosting.sites.update"]}
[debug] [2024-10-22T01:08:59.702Z] <<< [apiv2][status] GET https://firebase-public.firebaseio.com/cli.json 200
[debug] [2024-10-22T01:08:59.702Z] <<< [apiv2][body] GET https://firebase-public.firebaseio.com/cli.json {"cloudBuildErrorAfter":1594252800000,"cloudBuildWarnAfter":1590019200000,"defaultNode10After":1594252800000,"minVersion":"3.0.5","node8DeploysDisabledAfter":1613390400000,"node8RuntimeDisabledAfter":1615809600000,"node8WarnAfter":1600128000000}
[debug] [2024-10-22T01:09:01.481Z] <<< [apiv2][status] POST https://cloudresourcemanager.googleapis.com/v1/projects/synergy-x-2024:testIamPermissions 200
[debug] [2024-10-22T01:09:01.481Z] <<< [apiv2][body] POST https://cloudresourcemanager.googleapis.com/v1/projects/synergy-x-2024:testIamPermissions {}
[debug] [2024-10-22T01:09:01.482Z] [iam] error while checking permissions, command may fail: FirebaseError: Authorization failed. This account is missing the following required permissions on project synergy-x-2024:

  firebase.projects.get
  firebasehosting.sites.update
[debug] [2024-10-22T01:09:01.483Z] >>> [apiv2][query] GET https://firebase.googleapis.com/v1beta1/projects/synergy-x-2024 [none]
[debug] [2024-10-22T01:09:02.578Z] <<< [apiv2][status] GET https://firebase.googleapis.com/v1beta1/projects/synergy-x-2024 403
[debug] [2024-10-22T01:09:02.578Z] <<< [apiv2][body] GET https://firebase.googleapis.com/v1beta1/projects/synergy-x-2024 {"error":{"code":403,"message":"The caller does not have permission","status":"PERMISSION_DENIED"}}
[debug] [2024-10-22T01:09:02.579Z] HTTP Error: 403, The caller does not have permission
[error] 
[error] Error: Assertion failed: resolving hosting target of a site with no site name or target name. This should have caused an error earlier
[debug] [2024-11-01T16:10:56.226Z] ----------------------------------------------------------------------
[debug] [2024-11-01T16:10:56.230Z] Command:       C:\Program Files\nodejs\node.exe C:\Users\User\AppData\Roaming\npm\node_modules\firebase-tools\lib\bin\firebase.js deploy
[debug] [2024-11-01T16:10:56.230Z] CLI Version:   13.22.1
[debug] [2024-11-01T16:10:56.230Z] Platform:      win32
[debug] [2024-11-01T16:10:56.230Z] Node Version:  v20.11.1
[debug] [2024-11-01T16:10:56.231Z] Time:          Fri Nov 01 2024 22:10:56 GMT+0600 (Bangladesh Standard Time)
[debug] [2024-11-01T16:10:56.231Z] ----------------------------------------------------------------------
[debug] 
[debug] [2024-11-01T16:10:56.235Z] >>> [apiv2][query] GET https://firebase-public.firebaseio.com/cli.json [none]
[debug] [2024-11-01T16:10:56.382Z] > command requires scopes: ["email","openid","https://www.googleapis.com/auth/cloudplatformprojects.readonly","https://www.googleapis.com/auth/firebase","https://www.googleapis.com/auth/cloud-platform"]
[debug] [2024-11-01T16:10:56.382Z] > authorizing via signed-in user (mdfaridhossenrehad@gmail.com)
[debug] [2024-11-01T16:10:56.382Z] [iam] checking project synergy-x-2024 for permissions ["firebase.projects.get","firebasehosting.sites.update"]
[debug] [2024-11-01T16:10:56.383Z] Checked if tokens are valid: false, expires at: 1730426867213
[debug] [2024-11-01T16:10:56.383Z] Checked if tokens are valid: false, expires at: 1730426867213
[debug] [2024-11-01T16:10:56.384Z] > refreshing access token with scopes: []
[debug] [2024-11-01T16:10:56.384Z] >>> [apiv2][query] POST https://www.googleapis.com/oauth2/v3/token [none]
[debug] [2024-11-01T16:10:56.384Z] >>> [apiv2][body] POST https://www.googleapis.com/oauth2/v3/token [omitted]
[debug] [2024-11-01T16:10:56.782Z] <<< [apiv2][status] POST https://www.googleapis.com/oauth2/v3/token 200
[debug] [2024-11-01T16:10:56.782Z] <<< [apiv2][body] POST https://www.googleapis.com/oauth2/v3/token [omitted]
[debug] [2024-11-01T16:10:56.790Z] >>> [apiv2][query] POST https://cloudresourcemanager.googleapis.com/v1/projects/synergy-x-2024:testIamPermissions [none]
[debug] [2024-11-01T16:10:56.790Z] >>> [apiv2][(partial)header] POST https://cloudresourcemanager.googleapis.com/v1/projects/synergy-x-2024:testIamPermissions x-goog-quota-user=projects/synergy-x-2024
[debug] [2024-11-01T16:10:56.790Z] >>> [apiv2][body] POST https://cloudresourcemanager.googleapis.com/v1/projects/synergy-x-2024:testIamPermissions {"permissions":["firebase.projects.get","firebasehosting.sites.update"]}
[debug] [2024-11-01T16:10:58.023Z] <<< [apiv2][status] GET https://firebase-public.firebaseio.com/cli.json 200
[debug] [2024-11-01T16:10:58.024Z] <<< [apiv2][body] GET https://firebase-public.firebaseio.com/cli.json {"cloudBuildErrorAfter":1594252800000,"cloudBuildWarnAfter":1590019200000,"defaultNode10After":1594252800000,"minVersion":"3.0.5","node8DeploysDisabledAfter":1613390400000,"node8RuntimeDisabledAfter":1615809600000,"node8WarnAfter":1600128000000}
[debug] [2024-11-01T16:10:58.428Z] <<< [apiv2][status] POST https://cloudresourcemanager.googleapis.com/v1/projects/synergy-x-2024:testIamPermissions 200
[debug] [2024-11-01T16:10:58.428Z] <<< [apiv2][body] POST https://cloudresourcemanager.googleapis.com/v1/projects/synergy-x-2024:testIamPermissions {}
[debug] [2024-11-01T16:10:58.428Z] [iam] error while checking permissions, command may fail: FirebaseError: Authorization failed. This account is missing the following required permissions on project synergy-x-2024:

  firebase.projects.get
  firebasehosting.sites.update
[debug] [2024-11-01T16:10:58.430Z] Checked if tokens are valid: true, expires at: 1730481055783
[debug] [2024-11-01T16:10:58.430Z] Checked if tokens are valid: true, expires at: 1730481055783
[debug] [2024-11-01T16:10:58.430Z] >>> [apiv2][query] GET https://firebase.googleapis.com/v1beta1/projects/synergy-x-2024 [none]
[debug] [2024-11-01T16:10:59.927Z] <<< [apiv2][status] GET https://firebase.googleapis.com/v1beta1/projects/synergy-x-2024 403
[debug] [2024-11-01T16:10:59.928Z] <<< [apiv2][body] GET https://firebase.googleapis.com/v1beta1/projects/synergy-x-2024 {"error":{"code":403,"message":"The caller does not have permission","status":"PERMISSION_DENIED"}}
[debug] [2024-11-01T16:10:59.930Z] HTTP Error: 403, The caller does not have permission
[debug] [2024-11-01T16:11:00.298Z] FirebaseError: HTTP Error: 403, The caller does not have permission
    at responseToError (C:\Users\User\AppData\Roaming\npm\node_modules\firebase-tools\lib\responseToError.js:49:12)
    at RetryOperation._fn (C:\Users\User\AppData\Roaming\npm\node_modules\firebase-tools\lib\apiv2.js:312:77)
    at process.processTicksAndRejections (node:internal/process/task_queues:95:5)
[error] 
[error] Error: Failed to get Firebase project synergy-x-2024. Please make sure the project exists and your account has permission to access it.
[debug] [2024-12-08T13:18:22.059Z] ----------------------------------------------------------------------
[debug] [2024-12-08T13:18:22.063Z] Command:       C:\Program Files\nodejs\node.exe C:\Users\User\AppData\Roaming\npm\node_modules\firebase-tools\lib\bin\firebase.js deploy
[debug] [2024-12-08T13:18:22.063Z] CLI Version:   13.22.1
[debug] [2024-12-08T13:18:22.063Z] Platform:      win32
[debug] [2024-12-08T13:18:22.063Z] Node Version:  v20.11.1
[debug] [2024-12-08T13:18:22.063Z] Time:          Sun Dec 08 2024 19:18:22 GMT+0600 (Bangladesh Standard Time)
[debug] [2024-12-08T13:18:22.064Z] ----------------------------------------------------------------------
[debug] 
[debug] [2024-12-08T13:18:22.067Z] >>> [apiv2][query] GET https://firebase-public.firebaseio.com/cli.json [none]
[debug] [2024-12-08T13:18:22.184Z] > command requires scopes: ["email","openid","https://www.googleapis.com/auth/cloudplatformprojects.readonly","https://www.googleapis.com/auth/firebase","https://www.googleapis.com/auth/cloud-platform"]
[debug] [2024-12-08T13:18:22.184Z] > authorizing via signed-in user (mdfaridhossenrehad@gmail.com)
[debug] [2024-12-08T13:18:22.184Z] [iam] checking project synergy-x-2024 for permissions ["firebase.projects.get","firebasehosting.sites.update"]
[debug] [2024-12-08T13:18:22.185Z] Checked if tokens are valid: false, expires at: 1732048662261
[debug] [2024-12-08T13:18:22.185Z] Checked if tokens are valid: false, expires at: 1732048662261
[debug] [2024-12-08T13:18:22.186Z] > refreshing access token with scopes: []
[debug] [2024-12-08T13:18:22.187Z] >>> [apiv2][query] POST https://www.googleapis.com/oauth2/v3/token [none]
[debug] [2024-12-08T13:18:22.187Z] >>> [apiv2][body] POST https://www.googleapis.com/oauth2/v3/token [omitted]
[debug] [2024-12-08T13:18:22.587Z] <<< [apiv2][status] POST https://www.googleapis.com/oauth2/v3/token 200
[debug] [2024-12-08T13:18:22.588Z] <<< [apiv2][body] POST https://www.googleapis.com/oauth2/v3/token [omitted]
[debug] [2024-12-08T13:18:22.597Z] >>> [apiv2][query] POST https://cloudresourcemanager.googleapis.com/v1/projects/synergy-x-2024:testIamPermissions [none]
[debug] [2024-12-08T13:18:22.597Z] >>> [apiv2][(partial)header] POST https://cloudresourcemanager.googleapis.com/v1/projects/synergy-x-2024:testIamPermissions x-goog-quota-user=projects/synergy-x-2024
[debug] [2024-12-08T13:18:22.597Z] >>> [apiv2][body] POST https://cloudresourcemanager.googleapis.com/v1/projects/synergy-x-2024:testIamPermissions {"permissions":["firebase.projects.get","firebasehosting.sites.update"]}
[debug] [2024-12-08T13:18:22.829Z] <<< [apiv2][status] GET https://firebase-public.firebaseio.com/cli.json 200
[debug] [2024-12-08T13:18:22.829Z] <<< [apiv2][body] GET https://firebase-public.firebaseio.com/cli.json {"cloudBuildErrorAfter":1594252800000,"cloudBuildWarnAfter":1590019200000,"defaultNode10After":1594252800000,"minVersion":"3.0.5","node8DeploysDisabledAfter":1613390400000,"node8RuntimeDisabledAfter":1615809600000,"node8WarnAfter":1600128000000}
[debug] [2024-12-08T13:18:24.348Z] <<< [apiv2][status] POST https://cloudresourcemanager.googleapis.com/v1/projects/synergy-x-2024:testIamPermissions 200
[debug] [2024-12-08T13:18:24.348Z] <<< [apiv2][body] POST https://cloudresourcemanager.googleapis.com/v1/projects/synergy-x-2024:testIamPermissions {}
[debug] [2024-12-08T13:18:24.348Z] [iam] error while checking permissions, command may fail: FirebaseError: Authorization failed. This account is missing the following required permissions on project synergy-x-2024:

  firebase.projects.get
  firebasehosting.sites.update
[debug] [2024-12-08T13:18:24.349Z] Checked if tokens are valid: true, expires at: 1733667501588
[debug] [2024-12-08T13:18:24.349Z] Checked if tokens are valid: true, expires at: 1733667501588
[debug] [2024-12-08T13:18:24.349Z] >>> [apiv2][query] GET https://firebase.googleapis.com/v1beta1/projects/synergy-x-2024 [none]
[debug] [2024-12-08T13:18:25.047Z] <<< [apiv2][status] GET https://firebase.googleapis.com/v1beta1/projects/synergy-x-2024 403
[debug] [2024-12-08T13:18:25.048Z] <<< [apiv2][body] GET https://firebase.googleapis.com/v1beta1/projects/synergy-x-2024 {"error":{"code":403,"message":"The caller does not have permission","status":"PERMISSION_DENIED"}}
[debug] [2024-12-08T13:18:25.050Z] HTTP Error: 403, The caller does not have permission
[debug] [2024-12-08T13:18:25.486Z] FirebaseError: HTTP Error: 403, The caller does not have permission
    at responseToError (C:\Users\User\AppData\Roaming\npm\node_modules\firebase-tools\lib\responseToError.js:49:12)
    at RetryOperation._fn (C:\Users\User\AppData\Roaming\npm\node_modules\firebase-tools\lib\apiv2.js:312:77)
    at process.processTicksAndRejections (node:internal/process/task_queues:95:5)
[error] 
[error] Error: Failed to get Firebase project synergy-x-2024. Please make sure the project exists and your account has permission to access it.
